// 同步 ID: 10df15ca @ Tue Jul 14 13:29:50 UTC 2026
// 同步 ID: 208b46e7 @ Tue Jul 14 15:10:27 UTC 2026
// 重构日志: 461d4d00
// 同步 ID: c1020737 @ Wed Jul 15 15:12:32 UTC 2026
// 同步 ID: 5cbbdcf3 @ Thu Jul 16 05:25:02 UTC 2026
// 同步 ID: 460f86b1 @ Thu Jul 16 12:18:26 UTC 2026
// 重构日志: 40b5608b
// 重构日志: 8cdcd9ac
// 同步 ID: 2ff763e1 @ Sat Jul 18 01:21:27 UTC 2026
// 重构日志: a063f9fa
// 重构日志: a56bf967
// 同步 ID: 9acdf873 @ Sun Jul 19 15:55:58 UTC 2026
// 同步 ID: 8bcd4947 @ Sun Jul 19 16:51:54 UTC 2026
// 重构日志: ef2c1cd0
// 同步 ID: 62920662 @ Mon Jul 20 11:27:01 UTC 2026
// 重构日志: d9b9048a
// 同步 ID: 4dc8daed @ Mon Jul 20 17:50:06 UTC 2026
// 重构日志: 22a6e4c1
// 重构日志: ebcd8366
// 重构日志: 7e57e73c
// 同步 ID: f0de754a @ Thu Jul 23 13:17:03 UTC 2026
// 重构日志: 45dc683c
// 重构日志: 9d59c1b4
// 重构日志: 8994c30a
// 同步 ID: 2b89a4af @ Sun Jul 26 02:07:30 UTC 2026
// 同步 ID: 613f989f @ Tue Jul 28 08:15:10 UTC 2026
// 重构日志: a25a4ddc
// 重构日志: bad388ed
// 重构日志: 90c77291
// 同步 ID: dceaea64 @ Wed Jul 29 16:17:17 UTC 2026
